BL51 BANKED LINKER/LOCATER V6.22                                                        01/19/2015  11:29:49  PAGE 1


BL51 BANKED LINKER/LOCATER V6.22, INVOKED BY:
C:\KEIL\C51\BIN\BL51.EXE STARTUP.obj, ZY08-CÑ­¼£¡¢ºìÍâ±ÜÕÏ¡¢Ò£¿Ø×ÛºÏ³ÌÐò.obj TO ZY08-CÑ­¼£¡¢ºìÍâ±ÜÕÏ¡¢Ò£¿Ø×ÛºÏ³ÌÐò RAMSI
>> ZE (256)


MEMORY MODEL: SMALL


INPUT MODULES INCLUDED:
  STARTUP.obj (?C_STARTUP)
  ZY08-CÑ­¼£¡¢ºìÍâ±ÜÕÏ¡¢Ò£¿Ø×ÛºÏ³ÌÐò.obj (ZY08_CÑ­¼£¡¢ºìÍ_±_ÕÏ¡¢Ò£¿Ø×ÛºÏ³ÌÐò)
  C:\KEIL\C51\LIB\C51S.LIB (?C_INIT)
  C:\KEIL\C51\LIB\C51S.LIB (?C?UIDIV)


LINK MAP OF MODULE:  ZY08-CÑ­¼£¡¢ºìÍâ±ÜÕÏ¡¢Ò£¿Ø×ÛºÏ³ÌÐò (?C_STARTUP)


            TYPE    BASE      LENGTH    RELOCATION   SEGMENT NAME
            -----------------------------------------------------

            * * * * * * *   D A T A   M E M O R Y   * * * * * * *
            REG     0000H     0008H     ABSOLUTE     "REG BANK 0"
            DATA    0008H     000AH     UNIT         ?DT?ZY08_CÑ­¼£¡¢ºìÍ_±_ÕÏ¡¢Ò£¿Ø×ÛºÏ³ÌÐò
            DATA    0012H     0002H     UNIT         _DATA_GROUP_
                    0014H     000CH                  *** GAP ***
            BIT     0020H.0   0000H.1   UNIT         ?BI?ZY08_CÑ­¼£¡¢ºìÍ_±_ÕÏ¡¢Ò£¿Ø×ÛºÏ³ÌÐò
            BIT     0020H.1   0000H.1   UNIT         _BIT_GROUP_
                    0020H.2   0000H.6                *** GAP ***
            IDATA   0021H     0001H     UNIT         ?STACK

            * * * * * * *   C O D E   M E M O R Y   * * * * * * *
            CODE    0000H     0003H     ABSOLUTE     
            CODE    0003H     000FH     UNIT         ?PR?DELAY?ZY08_CÑ­¼£¡¢ºìÍ_±_ÕÏ¡¢Ò£¿Ø×ÛºÏ³ÌÐò
                    0012H     0001H                  *** GAP ***
            CODE    0013H     0003H     ABSOLUTE     
            CODE    0016H     00B4H     UNIT         ?PR?IR_IN?ZY08_CÑ­¼£¡¢ºìÍ_±_ÕÏ¡¢Ò£¿Ø×ÛºÏ³ÌÐò
            CODE    00CAH     008CH     UNIT         ?C_C51STARTUP
            CODE    0156H     0061H     UNIT         ?PR?MAIN?ZY08_CÑ­¼£¡¢ºìÍ_±_ÕÏ¡¢Ò£¿Ø×ÛºÏ³ÌÐò
            CODE    01B7H     0055H     UNIT         ?C?LIB_CODE
            CODE    020CH     0047H     UNIT         ?PR?ROBOT_AVOIDANCE?ZY08_CÑ­¼£¡¢ºìÍ_±_ÕÏ¡¢Ò£¿Ø×ÛºÏ³ÌÐò
            CODE    0253H     003BH     UNIT         ?PR?ROBOT_TRACTION?ZY08_CÑ­¼£¡¢ºìÍ_±_ÕÏ¡¢Ò£¿Ø×ÛºÏ³ÌÐò
            CODE    028EH     0036H     UNIT         ?PR?_CONTROLCAR_YAOKONG?ZY08_CÑ­¼£¡¢ºìÍ_±_ÕÏ¡¢Ò£¿Ø×ÛºÏ³ÌÐò
            CODE    02C4H     002AH     UNIT         ?PR?_CONTROLCAR?ZY08_CÑ­¼£¡¢ºìÍ_±_ÕÏ¡¢Ò£¿Ø×ÛºÏ³ÌÐò
            CODE    02EEH     001CH     UNIT         ?PR?_DELAY_NMS?ZY08_CÑ­¼£¡¢ºìÍ_±_ÕÏ¡¢Ò£¿Ø×ÛºÏ³ÌÐò
            CODE    030AH     001AH     UNIT         ?PR?_DELAY1MS?ZY08_CÑ­¼£¡¢ºìÍ_±_ÕÏ¡¢Ò£¿Ø×ÛºÏ³ÌÐò
            CODE    0324H     0014H     UNIT         ?CO?ZY08_CÑ­¼£¡¢ºìÍ_±_ÕÏ¡¢Ò£¿Ø×ÛºÏ³ÌÐò
            CODE    0338H     0012H     UNIT         ?PR?_DELAYMS?ZY08_CÑ­¼£¡¢ºìÍ_±_ÕÏ¡¢Ò£¿Ø×ÛºÏ³ÌÐò
            CODE    034AH     0011H     UNIT         ?PR?_DELAY_NUS?ZY08_CÑ­¼£¡¢ºìÍ_±_ÕÏ¡¢Ò£¿Ø×ÛºÏ³ÌÐò
            CODE    035BH     0009H     UNIT         ?PR?TINGZHI?ZY08_CÑ­¼£¡¢ºìÍ_±_ÕÏ¡¢Ò£¿Ø×ÛºÏ³ÌÐò
            CODE    0364H     0009H     UNIT         ?PR?QIANJIN?ZY08_CÑ­¼£¡¢ºìÍ_±_ÕÏ¡¢Ò£¿Ø×ÛºÏ³ÌÐò
            CODE    036DH     0009H     UNIT         ?PR?HOUTUI?ZY08_CÑ­¼£¡¢ºìÍ_±_ÕÏ¡¢Ò£¿Ø×ÛºÏ³ÌÐò
            CODE    0376H     0009H     UNIT         ?PR?ZUOZHUAN?ZY08_CÑ­¼£¡¢ºìÍ_±_ÕÏ¡¢Ò£¿Ø×ÛºÏ³ÌÐò
            CODE    037FH     0009H     UNIT         ?PR?YOUZHUAN?ZY08_CÑ­¼£¡¢ºìÍ_±_ÕÏ¡¢Ò£¿Ø×ÛºÏ³ÌÐò
            CODE    0388H     0006H     UNIT         ?C_INITSEG



BL51 BANKED LINKER/LOCATER V6.22                                                      01/19/2015  11:29:49  PAGE 2


OVERLAY MAP OF MODULE:   ZY08-CÑ­¼£¡¢ºìÍâ±ÜÕÏ¡¢Ò£¿Ø×ÛºÏ³ÌÐò (?C_STARTUP)


SEGMENT                                             BIT_GROUP          DATA_GROUP 
  +--> CALLED SEGMENT                            START    LENGTH     START    LENGTH
------------------------------------------------------------------------------------
?C_C51STARTUP                                    -----    -----      -----    -----
  +--> ?PR?MAIN?ZY08_CÑ­¼£¡¢ºìÍ_±_ÕÏ¡¢Ò£¿Ø×Û...
  +--> ?C_INITSEG

?PR?MAIN?ZY08_CÑ­¼£¡¢ºìÍ_±_ÕÏ¡¢Ò£¿Ø×Û...         0020H.1  0000H.1    -----    -----
  +--> ?PR?_CONTROLCAR?ZY08_CÑ­¼£¡¢ºìÍ_±_ÕÏ¡...
  +--> ?PR?_DELAY_NMS?ZY08_CÑ­¼£¡¢ºìÍ_±_ÕÏ¡¢...
  +--> ?CO?ZY08_CÑ­¼£¡¢ºìÍ_±_ÕÏ¡¢Ò£¿Ø×ÛºÏ³ÌÐò
  +--> ?PR?ROBOT_TRACTION?ZY08_CÑ­¼£¡¢ºìÍ_±_...
  +--> ?PR?ROBOT_AVOIDANCE?ZY08_CÑ­¼£¡¢ºìÍ_±...

?PR?_CONTROLCAR?ZY08_CÑ­¼£¡¢ºìÍ_±_ÕÏ¡...         -----    -----      -----    -----
  +--> ?PR?TINGZHI?ZY08_CÑ­¼£¡¢ºìÍ_±_ÕÏ¡¢Ò£¿...
  +--> ?PR?QIANJIN?ZY08_CÑ­¼£¡¢ºìÍ_±_ÕÏ¡¢Ò£¿...
  +--> ?PR?HOUTUI?ZY08_CÑ­¼£¡¢ºìÍ_±_ÕÏ¡¢Ò£¿Ø...
  +--> ?PR?ZUOZHUAN?ZY08_CÑ­¼£¡¢ºìÍ_±_ÕÏ¡¢Ò£...
  +--> ?PR?YOUZHUAN?ZY08_CÑ­¼£¡¢ºìÍ_±_ÕÏ¡¢Ò£...

?PR?_DELAY_NMS?ZY08_CÑ­¼£¡¢ºìÍ_±_ÕÏ¡¢...         -----    -----      -----    -----
  +--> ?PR?_DELAY_NUS?ZY08_CÑ­¼£¡¢ºìÍ_±_ÕÏ¡¢...

?PR?ROBOT_TRACTION?ZY08_CÑ­¼£¡¢ºìÍ_±_...         -----    -----      -----    -----
  +--> ?PR?_CONTROLCAR?ZY08_CÑ­¼£¡¢ºìÍ_±_ÕÏ¡...
  +--> ?PR?_DELAY_NMS?ZY08_CÑ­¼£¡¢ºìÍ_±_ÕÏ¡¢...

?PR?ROBOT_AVOIDANCE?ZY08_CÑ­¼£¡¢ºìÍ_±...         -----    -----      -----    -----
  +--> ?PR?_CONTROLCAR?ZY08_CÑ­¼£¡¢ºìÍ_±_ÕÏ¡...
  +--> ?PR?_DELAY_NMS?ZY08_CÑ­¼£¡¢ºìÍ_±_ÕÏ¡¢...

*** NEW ROOT ***************************************************

?PR?IR_IN?ZY08_CÑ­¼£¡¢ºìÍ_±_ÕÏ¡¢Ò£¿Ø×...         -----    -----      0012H    0002H
  +--> ?PR?_DELAYMS?ZY08_CÑ­¼£¡¢ºìÍ_±_ÕÏ¡¢Ò£...
  +--> ?CO?ZY08_CÑ­¼£¡¢ºìÍ_±_ÕÏ¡¢Ò£¿Ø×ÛºÏ³ÌÐò
  +--> ?PR?_CONTROLCAR_YAOKONG?ZY08_CÑ­¼£¡¢º...

?PR?_CONTROLCAR_YAOKONG?ZY08_CÑ­¼£¡¢º...         -----    -----      -----    -----
  +--> ?PR?TINGZHI?ZY08_CÑ­¼£¡¢ºìÍ_±_ÕÏ¡¢Ò£¿...
  +--> ?PR?_DELAY1MS?ZY08_CÑ­¼£¡¢ºìÍ_±_ÕÏ¡¢Ò...
  +--> ?PR?QIANJIN?ZY08_CÑ­¼£¡¢ºìÍ_±_ÕÏ¡¢Ò£¿...
  +--> ?PR?HOUTUI?ZY08_CÑ­¼£¡¢ºìÍ_±_ÕÏ¡¢Ò£¿Ø...
  +--> ?PR?ZUOZHUAN?ZY08_CÑ­¼£¡¢ºìÍ_±_ÕÏ¡¢Ò£...
  +--> ?PR?YOUZHUAN?ZY08_CÑ­¼£¡¢ºìÍ_±_ÕÏ¡¢Ò£...

?PR?_DELAY1MS?ZY08_CÑ­¼£¡¢ºìÍ_±_ÕÏ¡¢Ò...         -----    -----      -----    -----
  +--> ?PR?TINGZHI?ZY08_CÑ­¼£¡¢ºìÍ_±_ÕÏ¡¢Ò£¿...



SYMBOL TABLE OF MODULE:  ZY08-CÑ­¼£¡¢ºìÍâ±ÜÕÏ¡¢Ò£¿Ø×ÛºÏ³ÌÐò (?C_STARTUP)

BL51 BANKED LINKER/LOCATER V6.22                                                      01/19/2015  11:29:49  PAGE 3


  VALUE           TYPE          NAME
  ----------------------------------

  -------         MODULE        ?C_STARTUP
  C:00CAH         SEGMENT       ?C_C51STARTUP
  I:0021H         SEGMENT       ?STACK
  C:0000H         PUBLIC        ?C_STARTUP
  D:00E0H         SYMBOL        ACC
  D:00F0H         SYMBOL        B
  D:0083H         SYMBOL        DPH
  D:0082H         SYMBOL        DPL
  N:0000H         SYMBOL        IBPSTACK
  N:0100H         SYMBOL        IBPSTACKTOP
  N:0080H         SYMBOL        IDATALEN
  C:00CDH         SYMBOL        IDATALOOP
  N:0000H         SYMBOL        PBPSTACK
  N:0100H         SYMBOL        PBPSTACKTOP
  N:0000H         SYMBOL        PDATALEN
  N:0000H         SYMBOL        PDATASTART
  N:0000H         SYMBOL        PPAGE
  N:0000H         SYMBOL        PPAGEENABLE
  D:00A0H         SYMBOL        PPAGE_SFR
  D:0081H         SYMBOL        SP
  C:00CAH         SYMBOL        STARTUP1
  N:0000H         SYMBOL        XBPSTACK
  N:0000H         SYMBOL        XBPSTACKTOP
  N:0000H         SYMBOL        XDATALEN
  N:0000H         SYMBOL        XDATASTART
  C:0000H         LINE#         126
  C:00CAH         LINE#         133
  C:00CCH         LINE#         134
  C:00CDH         LINE#         135
  C:00CEH         LINE#         136
  C:00D0H         LINE#         185
  C:00D3H         LINE#         196
  -------         ENDMOD        ?C_STARTUP

  -------         MODULE        ZY08_CÑ­¼£¡¢ºìÍ_±_ÕÏ¡¢Ò£¿Ø×ÛºÏ³ÌÐò
  C:0000H         SYMBOL        _ICE_DUMMY_
  D:0080H         PUBLIC        P0
  D:0090H         PUBLIC        P1
  C:035BH         PUBLIC        tingzhi
  D:00A0H         PUBLIC        P2
  D:00B0H         PUBLIC        P3
  C:0311H         PUBLIC        _Delay1ms
  B:00A8H.7       PUBLIC        EA
  D:0008H         SYMBOL        LedFlash
  C:037FH         PUBLIC        youzhuan
  C:0376H         PUBLIC        zuozhuan
  C:032EH         PUBLIC        RecvData
  C:0016H         PUBLIC        IR_IN
  B:00B0H.2       PUBLIC        P3_2
  B:0080H.7       PUBLIC        RightLed
  B:00B0H.6       PUBLIC        RightIR
  B:0090H.7       PUBLIC        FontLled
  C:036DH         PUBLIC        houtui
  B:00A0H.0       PUBLIC        LeftLed
BL51 BANKED LINKER/LOCATER V6.22                                                      01/19/2015  11:29:49  PAGE 4


  C:0156H         PUBLIC        main
  B:00B0H.5       PUBLIC        LeftIR
  C:0253H         PUBLIC        Robot_Traction
  B:00B0H.3       PUBLIC        IRIN
  B:00B0H.7       PUBLIC        FontIR
  C:0324H         PUBLIC        LedShowData
  D:000AH         PUBLIC        temp
  B:0080H.0       PUBLIC        M1A
  B:0080H.2       PUBLIC        M2A
  B:0080H.1       PUBLIC        M1B
  B:0080H.3       PUBLIC        M2B
  C:02EEH         PUBLIC        _delay_nms
  B:0020H.0       PUBLIC        EnableLight
  B:0080H.6       PUBLIC        SB1
  C:034AH         PUBLIC        _delay_nus
  B:00A8H.2       PUBLIC        EX1
  B:0088H.2       PUBLIC        IT1
  C:028EH         PUBLIC        _ControlCar_yaokong
  C:0364H         PUBLIC        qianjin
  C:0003H         PUBLIC        Delay
  C:0338H         PUBLIC        _delayms
  C:020CH         PUBLIC        Robot_Avoidance
  D:000BH         PUBLIC        IRCOM
  C:02C4H         PUBLIC        _ControlCar
  -------         PROC          TINGZHI
  C:035BH         LINE#         29
  C:035BH         LINE#         30
  C:035BH         LINE#         31
  C:035DH         LINE#         32
  C:035FH         LINE#         33
  C:0361H         LINE#         34
  C:0363H         LINE#         36
  -------         ENDPROC       TINGZHI
  -------         PROC          QIANJIN
  C:0364H         LINE#         38
  C:0364H         LINE#         39
  C:0364H         LINE#         40
  C:0366H         LINE#         41
  C:0368H         LINE#         42
  C:036AH         LINE#         43
  C:036CH         LINE#         44
  -------         ENDPROC       QIANJIN
  -------         PROC          HOUTUI
  C:036DH         LINE#         46
  C:036DH         LINE#         47
  C:036DH         LINE#         48
  C:036FH         LINE#         49
  C:0371H         LINE#         50
  C:0373H         LINE#         51
  C:0375H         LINE#         52
  -------         ENDPROC       HOUTUI
  -------         PROC          ZUOZHUAN
  C:0376H         LINE#         54
  C:0376H         LINE#         55
  C:0376H         LINE#         56
  C:0378H         LINE#         57
  C:037AH         LINE#         58
BL51 BANKED LINKER/LOCATER V6.22                                                      01/19/2015  11:29:49  PAGE 5


  C:037CH         LINE#         59
  C:037EH         LINE#         60
  -------         ENDPROC       ZUOZHUAN
  -------         PROC          YOUZHUAN
  C:037FH         LINE#         62
  C:037FH         LINE#         63
  C:037FH         LINE#         64
  C:0381H         LINE#         65
  C:0383H         LINE#         66
  C:0385H         LINE#         67
  C:0387H         LINE#         68
  -------         ENDPROC       YOUZHUAN
  C:030AH         SYMBOL        L?0098
  -------         PROC          L?0097
  -------         ENDPROC       L?0097
  C:030AH         SYMBOL        L?0098
  -------         PROC          _DELAY1MS
  D:0006H         SYMBOL        i
  -------         DO            
  D:0005H         SYMBOL        j
  D:0004H         SYMBOL        k
  -------         ENDDO         
  C:0311H         LINE#         70
  C:0311H         LINE#         71
  C:0311H         LINE#         73
  C:0311H         LINE#         74
  C:0313H         LINE#         75
  C:0313H         LINE#         76
  C:0315H         LINE#         77
  C:0315H         LINE#         78
  C:0316H         LINE#         79
  C:0318H         LINE#         80
  C:031AH         LINE#         81
  C:0323H         LINE#         83
  -------         ENDPROC       _DELAY1MS
  -------         PROC          _DELAY_NUS
  D:0006H         SYMBOL        i
  C:034AH         LINE#         85
  C:034AH         LINE#         86
  C:034AH         LINE#         87
  C:0351H         LINE#         88
  C:035AH         LINE#         89
  -------         ENDPROC       _DELAY_NUS
  -------         PROC          _DELAY_NMS
  D:0002H         SYMBOL        n
  C:02EEH         LINE#         90
  C:02F2H         LINE#         91
  C:02F2H         LINE#         92
  C:02F7H         LINE#         93
  C:0300H         LINE#         94
  C:0309H         LINE#         96
  -------         ENDPROC       _DELAY_NMS
  -------         PROC          _DELAYMS
  D:0007H         SYMBOL        x
  -------         DO            
  D:0006H         SYMBOL        i
  -------         ENDDO         
BL51 BANKED LINKER/LOCATER V6.22                                                      01/19/2015  11:29:49  PAGE 6


  C:0338H         LINE#         98
  C:0338H         LINE#         99
  C:0338H         LINE#         101
  C:033EH         LINE#         102
  C:033EH         LINE#         103
  C:0349H         LINE#         104
  C:0349H         LINE#         105
  -------         ENDPROC       _DELAYMS
  -------         PROC          DELAY
  -------         DO            
  D:0006H         SYMBOL        DelayTime
  -------         ENDDO         
  C:0003H         LINE#         107
  C:0003H         LINE#         108
  C:0003H         LINE#         109
  C:0007H         LINE#         110
  C:0011H         LINE#         112
  -------         ENDPROC       DELAY
  -------         PROC          _CONTROLCAR
  D:0007H         SYMBOL        ConType
  C:02C4H         LINE#         113
  C:02C4H         LINE#         114
  C:02C4H         LINE#         116
  C:02C7H         LINE#         117
  C:02DAH         LINE#         118
  C:02DAH         LINE#         119
  C:02DAH         LINE#         120
  C:02DAH         LINE#         123
  C:02DCH         LINE#         124
  C:02DFH         LINE#         125
  C:02DFH         LINE#         126
  C:02DFH         LINE#         127
  C:02DFH         LINE#         128
  C:02DFH         LINE#         131
  C:02E1H         LINE#         132
  C:02E4H         LINE#         133
  C:02E4H         LINE#         134
  C:02E4H         LINE#         135
  C:02E4H         LINE#         136
  C:02E4H         LINE#         139
  C:02E7H         LINE#         140
  C:02E7H         LINE#         141
  C:02E7H         LINE#         142
  C:02E7H         LINE#         143
  C:02E7H         LINE#         146
  C:02EAH         LINE#         148
  C:02EAH         LINE#         149
  C:02EAH         LINE#         150
  C:02EAH         LINE#         151
  C:02EAH         LINE#         152
  C:02EDH         LINE#         153
  C:02EDH         LINE#         154
  C:02EDH         LINE#         155
  C:02EDH         LINE#         156
  -------         ENDPROC       _CONTROLCAR
  -------         PROC          _CONTROLCAR_YAOKONG
  D:0007H         SYMBOL        ConType
BL51 BANKED LINKER/LOCATER V6.22                                                      01/19/2015  11:29:49  PAGE 7


  C:028EH         LINE#         158
  C:028EH         LINE#         159
  C:028EH         LINE#         161
  C:0291H         LINE#         162
  C:02A4H         LINE#         163
  C:02A4H         LINE#         164
  C:02A4H         LINE#         165
  C:02A4H         LINE#         166
  C:02A4H         LINE#         167
  C:02A7H         LINE#         168
  C:02A9H         LINE#         169
  C:02ACH         LINE#         170
  C:02ACH         LINE#         171
  C:02ACH         LINE#         172
  C:02ACH         LINE#         173
  C:02ACH         LINE#         174
  C:02ACH         LINE#         175
  C:02AFH         LINE#         176
  C:02B1H         LINE#         177
  C:02B4H         LINE#         178
  C:02B4H         LINE#         179
  C:02B4H         LINE#         180
  C:02B4H         LINE#         181
  C:02B4H         LINE#         182
  C:02B4H         LINE#         183
  C:02B7H         LINE#         184
  C:02BAH         LINE#         185
  C:02BAH         LINE#         186
  C:02BAH         LINE#         187
  C:02BAH         LINE#         188
  C:02BAH         LINE#         189
  C:02BAH         LINE#         190
  C:02BDH         LINE#         191
  C:02C0H         LINE#         192
  C:02C0H         LINE#         193
  C:02C0H         LINE#         194
  C:02C0H         LINE#         195
  C:02C0H         LINE#         196
  C:02C3H         LINE#         197
  C:02C3H         LINE#         198
  C:02C3H         LINE#         199
  C:02C3H         LINE#         200
  -------         ENDPROC       _CONTROLCAR_YAOKONG
  -------         PROC          ROBOT_AVOIDANCE
  C:020CH         LINE#         201
  C:020CH         LINE#         202
  C:020CH         LINE#         204
  C:0210H         LINE#         205
  C:0214H         LINE#         206
  C:0218H         LINE#         207
  C:021CH         LINE#         209
  C:021FH         LINE#         210
  C:021FH         LINE#         211
  C:0224H         LINE#         212
  C:022BH         LINE#         213
  C:0230H         LINE#         214
  C:0237H         LINE#         215
BL51 BANKED LINKER/LOCATER V6.22                                                      01/19/2015  11:29:49  PAGE 8


  C:023CH         LINE#         216
  C:0240H         LINE#         217
  C:0242H         LINE#         219
  C:0242H         LINE#         220
  C:0247H         LINE#         221
  C:024EH         LINE#         222
  C:024EH         LINE#         223
  -------         ENDPROC       ROBOT_AVOIDANCE
  -------         PROC          ROBOT_TRACTION
  C:0253H         LINE#         226
  C:0253H         LINE#         227
  C:0253H         LINE#         228
  C:0257H         LINE#         229
  C:025BH         LINE#         230
  C:025FH         LINE#         231
  C:0263H         LINE#         232
  C:0269H         LINE#         233
  C:0269H         LINE#         234
  C:026BH         LINE#         235
  C:026BH         LINE#         236
  C:026DH         LINE#         238
  C:0273H         LINE#         239
  C:0273H         LINE#         240
  C:0275H         LINE#         241
  C:0275H         LINE#         242
  C:0277H         LINE#         244
  C:027DH         LINE#         245
  C:027DH         LINE#         246
  C:0282H         LINE#         247
  C:0289H         LINE#         248
  C:0289H         LINE#         249
  -------         ENDPROC       ROBOT_TRACTION
  -------         PROC          MAIN
  -------         DO            
  B:0020H.1       SYMBOL        RunFlag
  -------         ENDDO         
  C:0156H         LINE#         252
  C:0156H         LINE#         253
  C:0156H         LINE#         255
  C:0158H         LINE#         256
  C:015EH         LINE#         258
  C:0160H         LINE#         259
  C:0162H         LINE#         260
  C:0167H         LINE#         261
  C:0167H         LINE#         262
  C:0167H         LINE#         263
  C:016AH         LINE#         264
  C:016AH         LINE#         265
  C:0171H         LINE#         266
  C:0174H         LINE#         267
  C:0174H         LINE#         268
  C:0176H         LINE#         269
  C:0179H         LINE#         270
  C:0179H         LINE#         271
  C:0179H         LINE#         272
  C:0180H         LINE#         273
  C:0180H         LINE#         274
BL51 BANKED LINKER/LOCATER V6.22                                                      01/19/2015  11:29:49  PAGE 9


  C:0183H         LINE#         275
  C:0183H         LINE#         276
  C:0190H         LINE#         277
  C:0190H         LINE#         278
  C:019EH         LINE#         279
  C:01ACH         LINE#         280
  -------         ENDPROC       MAIN
  -------         PROC          IR_IN
  -------         DO            
  D:0012H         SYMBOL        j
  D:0013H         SYMBOL        k
  D:0004H         SYMBOL        N
  -------         ENDDO         
  C:0016H         LINE#         285
  C:0021H         LINE#         287
  C:0023H         LINE#         289
  C:0025H         LINE#         290
  C:002AH         LINE#         291
  C:002DH         LINE#         292
  C:002DH         LINE#         293
  C:0032H         LINE#         295
  C:0032H         LINE#         297
  C:0035H         LINE#         298
  C:0035H         LINE#         299
  C:003AH         LINE#         300
  C:003CH         LINE#         302
  C:003FH         LINE#         303
  C:003FH         LINE#         304
  C:0042H         LINE#         305
  C:0042H         LINE#         306
  C:0045H         LINE#         307
  C:0045H         LINE#         308
  C:004AH         LINE#         309
  C:004CH         LINE#         311
  C:004FH         LINE#         312
  C:004FH         LINE#         313
  C:0054H         LINE#         314
  C:0056H         LINE#         316
  C:0059H         LINE#         317
  C:0059H         LINE#         318
  C:005EH         LINE#         319
  C:005FH         LINE#         320
  C:0065H         LINE#         321
  C:0065H         LINE#         322
  C:0069H         LINE#         324
  C:0069H         LINE#         325
  C:0069H         LINE#         327
  C:0077H         LINE#         329
  C:007DH         LINE#         330
  C:007DH         LINE#         331
  C:0086H         LINE#         332
  C:0086H         LINE#         333
  C:0088H         LINE#         334
  C:0091H         LINE#         335
  C:009AH         LINE#         337
  C:00A1H         LINE#         338
  C:00A1H         LINE#         339
BL51 BANKED LINKER/LOCATER V6.22                                                      01/19/2015  11:29:49  PAGE 10


  C:00A5H         LINE#         341
  C:00A5H         LINE#         343
  C:00A8H         LINE#         344
  C:00A8H         LINE#         345
  C:00B1H         LINE#         346
  C:00B1H         LINE#         348
  C:00B6H         LINE#         349
  C:00B6H         LINE#         350
  C:00BFH         LINE#         351
  C:00C1H         LINE#         352
  -------         ENDPROC       IR_IN
  -------         ENDMOD        ZY08_CÑ­¼£¡¢ºìÍ_±_ÕÏ¡¢Ò£¿Ø×ÛºÏ³ÌÐò

  -------         MODULE        ?C?UIDIV
  C:01B7H         PUBLIC        ?C?UIDIV
  -------         ENDMOD        ?C?UIDIV

*** WARNING L16: UNCALLED SEGMENT, IGNORED FOR OVERLAY PROCESS
    SEGMENT: ?PR?DELAY?ZY08_CÑ­¼£¡¢ºìÍ_±_ÕÏ¡¢Ò£¿Ø×ÛºÏ³ÌÐò

Program Size: data=21.2 xdata=0 code=909
LINK/LOCATE RUN COMPLETE.  1 WARNING(S),  0 ERROR(S)
